{"features": ["autocomplete", "compute", "describe-protocol", "describe-repl", "exit", "lookup", "lookup/documentation", "lookup/definition", "pop", "peek", "push", "search"], "kind": "protocol-info", "version": 1}
{"kind": "response", "query-id": "1", "response": [], "status": "success"}
{"kind": "response", "query-id": "2", "response": [{"lid": "append_cons_snoc", "type": "u521174:FStar.Seq.Base.seq a ->\nx:a ->\nv:FStar.Seq.Base.seq a ->\nPrims.Lemma Prims.unit\n  Prims.Nil\n  (FStar.Seq.Base.equal (FStar.Seq.Base.append u521174 (FStar.Seq.Properties.cons x v))\n      (FStar.Seq.Base.append (FStar.Seq.Properties.snoc u521174 x) v))"}, {"lid": "lemma_cons_snoc", "type": "hd:a ->\ns:FStar.Seq.Base.seq a ->\ntl:a ->\nPrims.Lemma Prims.unit\n  Prims.Nil\n  (FStar.Seq.Base.equal (FStar.Seq.Properties.cons hd (FStar.Seq.Properties.snoc s tl))\n      (FStar.Seq.Properties.snoc (FStar.Seq.Properties.cons hd s) tl))"}], "status": "success"}
{"kind": "response", "query-id": "3", "response": [{"lid": "lemma_cons_snoc", "type": "hd:a ->\ns:FStar.Seq.Base.seq a ->\ntl:a ->\nPrims.Lemma Prims.unit\n  Prims.Nil\n  (FStar.Seq.Base.equal (FStar.Seq.Properties.cons hd (FStar.Seq.Properties.snoc s tl))\n      (FStar.Seq.Properties.snoc (FStar.Seq.Properties.cons hd s) tl))"}], "status": "success"}
{"kind": "response", "query-id": "4", "response": [{"lid": "append_cons_snoc", "type": "u521186:FStar.Seq.Base.seq a ->\nx:a ->\nv:FStar.Seq.Base.seq a ->\nPrims.Lemma Prims.unit\n  Prims.Nil\n  (FStar.Seq.Base.equal (FStar.Seq.Base.append u521186 (FStar.Seq.Properties.cons x v))\n      (FStar.Seq.Base.append (FStar.Seq.Properties.snoc u521186 x) v))"}], "status": "success"}
